../Core/Src/main.c:69:6:is_at_bottom_boundary	16	static
../Core/Src/main.c:73:6:is_at_top_boundary	16	static
../Core/Src/main.c:77:6:is_at_vertical_boundary	16	static
../Core/Src/main.c:81:6:is_at_left_boundary	16	static
../Core/Src/main.c:85:6:is_at_right_boundary	16	static
../Core/Src/main.c:89:6:is_at_horizontal_boundary	16	static
../Core/Src/main.c:93:19:toggle_circle_y_mode	16	static
../Core/Src/main.c:103:5:main	16	static
../Core/Src/main.c:178:6:SystemClock_Config	72	static
../Core/Src/main.c:218:13:MX_I2C1_Init	8	static
../Core/Src/main.c:252:13:MX_USART1_UART_Init	8	static
../Core/Src/main.c:285:13:MX_GPIO_Init	24	static
../Core/Src/main.c:307:6:Error_Handler	4	static,ignoring_inline_asm
