../Core/Inc/ssd1306_circle.h:42:20:is_at_bottom_boundary	16	static
../Core/Src/main.c:70:6:is_move_right_pressed	8	static
../Core/Src/main.c:74:6:is_move_left_pressed	8	static
../Core/Src/main.c:78:6:update_paddle_right	16	static
../Core/Src/main.c:84:6:update_paddle_left	16	static
../Core/Src/main.c:91:6:move_paddle_by_input	16	static
../Core/Src/main.c:96:6:show_game_over_screen	16	static
../Core/Src/main.c:110:5:main	32	static
../Core/Src/main.c:194:6:SystemClock_Config	72	static
../Core/Src/main.c:234:13:MX_I2C1_Init	8	static
../Core/Src/main.c:268:13:MX_USART1_UART_Init	8	static
../Core/Src/main.c:301:13:MX_GPIO_Init	40	static
../Core/Src/main.c:347:6:Error_Handler	4	static,ignoring_inline_asm
